AR car behavioral /home/bunnarot/Car/car.vhd sub00/vhpl01 1514052345
AR clk1ms behavioral /home/bunnarot/Car/CLK1ms.vhd sub00/vhpl05 1514052349
EN top NULL /home/bunnarot/Car/top.vhd sub00/vhpl06 1514052350
EN clk1ms NULL /home/bunnarot/Car/CLK1ms.vhd sub00/vhpl04 1514052348
AR scandigit behavioral /home/bunnarot/Car/ScanDigit.vhd sub00/vhpl03 1514052347
EN scandigit NULL /home/bunnarot/Car/ScanDigit.vhd sub00/vhpl02 1514052346
EN car NULL /home/bunnarot/Car/car.vhd sub00/vhpl00 1514052344
AR top behavioral /home/bunnarot/Car/top.vhd sub00/vhpl07 1514052351
